---
source: src/parameter.rs
expression: "Parameter::string(\"string\", \"howdy\")"
---
{
  "name": "string",
  "type": "byte_array",
  "value": "aG93ZHk="
}
