---
source: src/parameter.rs
expression: "Parameter::empty(\"test\")"
---
{
  "name": "test"
}
