---
source: src/client/unadvertise.rs
expression: message()
---
{
  "op": "unadvertise",
  "channelIds": [
    1,
    2,
    3
  ]
}
