---
source: src/client/get_parameters.rs
expression: message()
---
{
  "op": "getParameters",
  "parameterNames": [
    "param1",
    "param2"
  ],
  "id": "request-123"
}
