---
source: src/client/unsubscribe_parameter_updates.rs
expression: message()
---
{
  "op": "unsubscribeParameterUpdates",
  "parameterNames": [
    "param1",
    "param2"
  ]
}
