---
source: src/client/unsubscribe.rs
expression: message()
---
{
  "op": "unsubscribe",
  "subscriptionIds": [
    1,
    2,
    3
  ]
}
