---
source: src/client/subscribe.rs
expression: message()
---
{
  "op": "subscribe",
  "subscriptions": [
    {
      "id": 1,
      "channelId": 10
    },
    {
      "id": 2,
      "channelId": 20
    }
  ]
}
