---
source: src/client/subscribe_parameter_updates.rs
expression: message()
---
{
  "op": "subscribeParameterUpdates",
  "parameterNames": [
    "param1",
    "param2"
  ]
}
