---
source: rust/foxglove-ws-protocol/src/server/status.rs
expression: message_with_id()
---
{
  "op": "status",
  "level": 1,
  "message": "Oh no",
  "id": "my-id"
}
