---
source: rust/foxglove-ws-protocol/src/server/time.rs
expression: "format!(\"{:#04x?}\", message().to_bytes())"
---
[
    0x02,
    0xd2,
    0x02,
    0x96,
    0x49,
    0x00,
    0x00,
    0x00,
    0x00,
]
