---
source: src/server/unadvertise_services.rs
expression: message()
---
{
  "op": "unadvertiseServices",
  "serviceIds": [
    1,
    2
  ]
}
