---
source: rust/foxglove-ws-protocol/src/server/server_info.rs
expression: message()
---
{
  "op": "serverInfo",
  "name": "example server",
  "capabilities": []
}
