---
source: rust/foxglove/src/websocket/ws_protocol/client/subscribe.rs
assertion_line: 51
expression: message()
---
{
  "op": "subscribe",
  "subscriptions": [
    {
      "channelId": 10
    },
    {
      "channelId": 20
    }
  ]
}
