---
source: rust/foxglove/src/websocket/ws_protocol/client/unsubscribe.rs
assertion_line: 38
expression: message()
---
{
  "op": "unsubscribe",
  "channelIds": [
    1,
    2,
    3
  ]
}
